soak-addon: building load-client (release)...
.+++++++++++++++++++++++++++++++++++++++++++++++++++++++++++++++++*..+++++++++++++++++++++++++++++++++++++++++++++++++++++++++++++++++*..+..+.........+...+.+......+...+............+........+......+.......+........+............+..................+....+...+..+.+......+.....+.........+.+.....................+...+.....+.+........+.+..........................+.+...............+...+......+..............+.+.........+............+..+.+.....+.........+............+................+...+.........+..+.+..+...+....+.....+...+.......+...........+.........+...+......+.+......+.....+.......+...........+.+...........+...+....+........+.......+......+.....+....+...+..+...+....+......+..+.+...........+......+....+...............+.....+.+..............+..................+.+..+....+......+...+......+++++++++++++++++++++++++++++++++++++++++++++++++++++++++++++++++
.........+........+....+..+.+........+....+..+.............+..+...+.......+......+++++++++++++++++++++++++++++++++++++++++++++++++++++++++++++++++*.+.....+...+.+......+...+.....+.+.....+......+.........+.+..+......+....+........+...+......+.+..+...+++++++++++++++++++++++++++++++++++++++++++++++++++++++++++++++++*...+.......+........+.........+...+..........+........+...+....+++++++++++++++++++++++++++++++++++++++++++++++++++++++++++++++++
-----
..+++++++++++++++++++++++++++++++++++++++++++++++++++++++++++++++++*.+.........+......+.+...+.....+.......+.....+.+..+.+.........+...........+.+.....+.............+...+...+.........+.....+.+............+..+++++++++++++++++++++++++++++++++++++++++++++++++++++++++++++++++*...........+..+.......+...+......+...........+...+............+...+.+.........+......+......+.........+......+.....+......+..........+........+....+...........+....+...+............+........+............+......+......+.........+......+...+..........+...+..............+.........+....+..+.+..+...............+.......+......+...+..+.........+..........+.....+....+.....+....+.....+......+....+....................+...+....+.....+................+...+.....+......+...+......+.......+...+.....+.+.....+.+.....+....+.........+.....+....+.....................+..+.......+...+..+...+.......+..+...+.+......+.....+...+.+......+.....+......+...........................................+.........+...+..+...+...+....+.....+......+.+......+..............+..........+...+...+........+......+..........+.....+....+..+...............+....+.....+...+.......+.........+.................+.......+...+.....+...+....+...+..+.+..+.........+...+.+..+++++++++++++++++++++++++++++++++++++++++++++++++++++++++++++++++
...+..+...+.......+...+.................+.+........+++++++++++++++++++++++++++++++++++++++++++++++++++++++++++++++++*..+.+..+..........+++++++++++++++++++++++++++++++++++++++++++++++++++++++++++++++++*.+.....+....+.....+.........+....+........+.......+...+..+.......+...+........+.......+...+..+...+.......+......+.....+.........+......+......+.............+..................+.....+....+.........+..+....+........+.+.....+.+...+..+.+..............+.+....................+...+............+.......+...+.....+.........+.........+.........+......+.+.....+.........+.+...............+...........+...+......+....+..+...+......+....+......+.....+......+...+.........+.+..+....+...+...+...+......+.....+......+....+...+........+...+......+.+...+++++++++++++++++++++++++++++++++++++++++++++++++++++++++++++++++
-----
Certificate request self-signature ok
subject=CN = localhost
soak-overload: stdout
load-client: mode=load url=https://127.0.0.1:4433 sessions=50 duration=600s datagrams/s=1000 streams/s=10 hold_ms=1000 skip_probes=false budgets(session=30, datagram=10000, stream=180000)
load-client: summary {"mode":"load","requiredOperationClasses":["datagram-echo","uni-echo","bidi-echo","stream-reset","stop-sending"],"observedOperationCounts":{"datagram-echo":47,"uni-echo":49,"bidi-echo":49,"stream-reset":49,"stop-sending":49},"observedReconnects":0}
load-client: sessions ok=49 err=1
load-client: datagrams sent=10114871 err=2
load-client: streams opened=257721 err=0
load-client: load streams opened=257525
load-client: PASS
soak-overload: stderr
load-client: datagram probe failed: deadline has elapsed
load-client: datagram probe failed: deadline has elapsed
load-client: session connect failed: connection timed out
soak-idle: stdout
load-client: mode=load url=https://127.0.0.1:4433 sessions=20 duration=600s datagrams/s=0 streams/s=0 hold_ms=1000 skip_probes=false budgets(session=5, datagram=0, stream=0)
load-client: summary {"mode":"load","requiredOperationClasses":["datagram-echo","uni-echo","bidi-echo","stream-reset","stop-sending"],"observedOperationCounts":{"datagram-echo":20,"uni-echo":20,"bidi-echo":20,"stream-reset":20,"stop-sending":20},"observedReconnects":0}
load-client: sessions ok=20 err=0
load-client: datagrams sent=40 err=0
load-client: streams opened=100 err=0
load-client: load streams opened=20
load-client: PASS
soak-reconnect: stdout
load-client: mode=reconnect url=https://127.0.0.1:4433 sessions=40 duration=600s datagrams/s=1000 streams/s=10 hold_ms=1000 skip_probes=false budgets(session=16, datagram=5000, stream=2000)
load-client: summary {"mode":"reconnect","requiredOperationClasses":["datagram-echo","uni-echo","bidi-echo","stream-reset","stop-sending"],"observedOperationCounts":{"datagram-echo":277,"uni-echo":278,"bidi-echo":278,"stream-reset":278,"stop-sending":278},"observedReconnects":239}
load-client: sessions ok=279 err=0
load-client: datagrams sent=279 err=1
load-client: streams opened=1112 err=0
load-client: load streams opened=0
load-client: PASS
soak-reconnect: stderr
load-client: datagram probe failed: deadline has elapsed
load-client: warning: task join timed out; aborting remaining tasks
.+......+......+.....+....+++++++++++++++++++++++++++++++++++++++++++++++++++++++++++++++++*.......+.....+....+...........+.+++++++++++++++++++++++++++++++++++++++++++++++++++++++++++++++++*..+.......+......+...+..+....+..................+.................+....+..+....+...+..+......+..................+......+.........+.........+.............+..+...+....+...+...+...+.....+......+...+..........+..+...+.+.........+...+........+....+...+.........+.....+.........+.+.....+...............+.+...+..+.......+..+.+..+...............+.+..+......................+..+...............+.............+..................+.....+...+.......+.....+.......+..+......+....+......+.........+......+...+.....+..........+.................+....+.....+.............+..+...+.+.........+..+...+..........+...............+..+.........+.+...........+..........+..+............+.+...+.........+.....+...+.......+.....+.......+..............+.....................+...+.+..+...+......+......+.........+.+........+...................+........+.......+...+.....+...+........................+.+..+.........+...+..........+......+..+...+......+...+.+.........+............+...+......+...........+.+..+......+......+........................+...........................+.............+..+...+....+.....+.+.....+......+..........+......+............+..+......+.......+......+..+...+.......+..............+......+....+......+..+......+.+.....+.+..+......+.......+............+++++++++++++++++++++++++++++++++++++++++++++++++++++++++++++++++
........+...+..+...+++++++++++++++++++++++++++++++++++++++++++++++++++++++++++++++++*...+..........+.....+.......+......+...+.........+..+......+...+.+...+......+.....+................+.........+..+.......+...+...+++++++++++++++++++++++++++++++++++++++++++++++++++++++++++++++++*........+.........+............+.......+..+......+...+.+......+........+.+........+.+..............+.+......+..............+.+...+......+.....+........................+.+..+....+......+.....+....+...+.....+......+..........+.........+...........+....+........+............+...+....+........+...+...+..........+..+....+.........+............+........+....+..+.+.....+....+.....+.+...+...............+..+....+........+.+.....+....+...+.....+...+.......+..+.......+........+......+......+.........+.......+.....+.......+...+..............+....+......+...+......+...........+....+......+.....+....+......+.....+.........+.+.....+....+..+++++++++++++++++++++++++++++++++++++++++++++++++++++++++++++++++
-----
..+.......+............+..+++++++++++++++++++++++++++++++++++++++++++++++++++++++++++++++++*..+.+..+.........+...+......+.......+..+...+++++++++++++++++++++++++++++++++++++++++++++++++++++++++++++++++*....+...+.....+......+....+..+......+.......+....................+.+..+...............+....+...+...+...+...........+++++++++++++++++++++++++++++++++++++++++++++++++++++++++++++++++
.+.+.....+.+......+........+...................+..+...+.......+...........+...+++++++++++++++++++++++++++++++++++++++++++++++++++++++++++++++++*..+.............+........+....+...+.....+.......+.....+.+..............+....+..+...+.........+.......+...+......+...........+.+..............+....+..+...+......................+..+......+.+.....+.+..+......+.+++++++++++++++++++++++++++++++++++++++++++++++++++++++++++++++++*..+....+.....+....+...+..+...+...+.........+......+.......+..+......+.+.....+...+......+.+...+........+.......+..+...+.+.........+..+....+.....+....+...+........+.+.....+................+...+......+....................+.+.....+.........+.+..+++++++++++++++++++++++++++++++++++++++++++++++++++++++++++++++++
-----
Certificate request self-signature ok
subject=CN = localhost
soak-post-rotation: stdout
load-client: mode=load url=https://127.0.0.1:4433 sessions=30 duration=600s datagrams/s=50 streams/s=1 hold_ms=1000 skip_probes=false budgets(session=12, datagram=5000, stream=2000)
load-client: summary {"mode":"load","requiredOperationClasses":["datagram-echo","uni-echo","bidi-echo","stream-reset","stop-sending"],"observedOperationCounts":{"datagram-echo":30,"uni-echo":30,"bidi-echo":30,"stream-reset":30,"stop-sending":30},"observedReconnects":0}
load-client: sessions ok=30 err=0
load-client: datagrams sent=894650 err=0
load-client: streams opened=18135 err=0
load-client: load streams opened=18015
load-client: PASS
soak-main: stdout
load-client: mode=load url=https://127.0.0.1:4433 sessions=50 duration=7200s datagrams/s=50 streams/s=1 hold_ms=1000 skip_probes=false budgets(session=25, datagram=5000, stream=2000)
load-client: summary {"mode":"load","requiredOperationClasses":["datagram-echo","uni-echo","bidi-echo","stream-reset","stop-sending"],"observedOperationCounts":{"datagram-echo":50,"uni-echo":50,"bidi-echo":50,"stream-reset":50,"stop-sending":50},"observedReconnects":0}
load-client: sessions ok=50 err=0
load-client: datagrams sent=17849389 err=0
load-client: streams opened=360206 err=0
load-client: load streams opened=360006
load-client: PASS
soak-addon: PASS {
  "artifact": "/home/vmeansdev/soak-repro-artifacts.json",
  "continuityTokenDigest": "147c17b06ab2c839a54c8f6b115d851e7ddac73ca7f31e96132af6747f2d1329",
  "finalStateHash": "8ff97a816c2c0b6014bcd123b5237623cb6cf10076761f8f5c4db98fe3019036",
  "segmentHash": "8bca7f545ee6f68eff13864a3a56e92043dc992b0137d23d24448e3b141d55ec",
  "peakSessions": 99,
  "peakStreams": 93
}
